[master d7c1354] auto: dashboard sync 2026-07-16 19:00
 11 files changed, 3405 insertions(+)
 create mode 100755 auto-sync.sh
 create mode 100644 briefing/index.html
 create mode 100644 knowledge/index.html
 create mode 100644 newsletter/knowledge.html
 create mode 100644 newsletter/status.html
 create mode 100644 newsletter/status.html.bak
 create mode 100644 newsletter/status.html.bak2
 create mode 100644 physiq/calculator.html
 create mode 100644 physiq/index.html
 create mode 100644 physiq/waitlist.html
 create mode 100644 sync.log
To github.com:TheCabbageBaggage/clawhub-dashboard.git
   5721f51..d7c1354  master -> master
[master c186009] auto: dashboard sync 2026-08-01 10:30
 1 file changed, 21 insertions(+)
 create mode 100755 update-nginx.sh
To github.com:TheCabbageBaggage/clawhub-dashboard.git
   033697a..c186009  master -> master
[master ddd49b9] auto: dashboard sync 2026-08-01 10:45
 1 file changed, 5 insertions(+)
To github.com:TheCabbageBaggage/clawhub-dashboard.git
   c186009..ddd49b9  master -> master
[master eb5063c] auto: dashboard sync 2026-08-01 11:00
 1 file changed, 4 insertions(+)
To github.com:TheCabbageBaggage/clawhub-dashboard.git
   ddd49b9..eb5063c  master -> master
[master 3afa8c1] auto: dashboard sync 2026-08-01 11:15
 2 files changed, 5 insertions(+), 1 deletion(-)
To github.com:TheCabbageBaggage/clawhub-dashboard.git
   eb5063c..3afa8c1  master -> master
