[2026-08-12 07:12:28] === Starting Dashboard Update ===
[2026-08-12 07:12:28] Fetching from origin...
[2026-08-12 07:12:29] New commits found!
[2026-08-12 07:12:29] Local:  3179675f
[2026-08-12 07:12:29] Remote: 01572841
[2026-08-12 07:12:29] Pulling latest changes...
[2026-09-08 12:17:53] === Starting Dashboard Update ===
[2026-09-08 12:17:53] Fetching from origin...
[2026-09-08 12:17:55] New commits found!
[2026-09-08 12:17:55] Local:  47768751
[2026-09-08 12:17:55] Remote: 01572841
[2026-09-08 12:17:55] Pulling latest changes...
[2026-09-08 12:18:10] === Starting Dashboard Update ===
[2026-09-08 12:18:10] Fetching from origin...
[2026-09-08 12:18:11] New commits found!
[2026-09-08 12:18:11] Local:  47768751
[2026-09-08 12:18:11] Remote: 01572841
[2026-09-08 12:18:11] Pulling latest changes...
[2026-09-08 12:18:13] Rebuilding Docker image...
[2026-09-08 12:19:20] Starting updated container...
[2026-09-08 12:19:26] ✅ Dashboard updated and running
[2026-09-08 12:19:26] Health check: HTTP 401
[2026-09-08 12:19:26] === Update complete ===
[2026-09-08 12:19:26] 
